// Jest Snapshot v1, https://goo.gl/fbAQLP

exports[`Database Util Database Util - schemaTableColumns should render the correct columns 1`] = `
<div
  className="d-inline-flex w-max-90"
>
  <Link
    className="break-word"
    data-testid="schema1"
    to="/databaseSchema/database.schema1"
  >
    schema1
  </Link>
</div>
`;

exports[`Database Util Database Util - schemaTableColumns should render the correct columns 2`] = `
<RichTextEditorPreviewerNew
  markdown="Schema 1 description"
/>
`;

exports[`Database Util Database Util - schemaTableColumns should render the correct columns 3`] = `
<OwnerLabel
  isCompactView={false}
  maxVisibleOwners={4}
  owners={
    Array [
      Object {
        "id": "1",
        "name": "John Doe",
        "type": "user",
      },
    ]
  }
  showLabel={false}
/>
`;

exports[`Database Util Database Util - schemaTableColumns should render the correct columns 4`] = `" 80th label.pctile-lowercase"`;
